=== RUN   TestGetSummary_Success_Staf
=== RUN   TestGetSummary_Success_Staf/Sukses:_Dashboard_staf_ΓÇö_tanpa_laporan_masuk_hari_ini
--- PASS: TestGetSummary_Success_Staf (0.00s)
    --- PASS: TestGetSummary_Success_Staf/Sukses:_Dashboard_staf_ΓÇö_tanpa_laporan_masuk_hari_ini (0.00s)
=== RUN   TestGetSummary_Success_Lurah
=== RUN   TestGetSummary_Success_Lurah/Sukses:_Dashboard_lurah_ΓÇö_dengan_laporan_masuk_hari_ini
--- PASS: TestGetSummary_Success_Lurah (0.00s)
    --- PASS: TestGetSummary_Success_Lurah/Sukses:_Dashboard_lurah_ΓÇö_dengan_laporan_masuk_hari_ini (0.00s)
=== RUN   TestGetSummary_Success_Sekertaris
=== RUN   TestGetSummary_Success_Sekertaris/Sukses:_Dashboard_sekertaris_ΓÇö_dengan_laporan_masuk_hari_ini
--- PASS: TestGetSummary_Success_Sekertaris (0.00s)
    --- PASS: TestGetSummary_Success_Sekertaris/Sukses:_Dashboard_sekertaris_ΓÇö_dengan_laporan_masuk_hari_ini (0.00s)
=== RUN   TestGetSummary_Fail_UserNotFound
=== RUN   TestGetSummary_Fail_UserNotFound/Gagal:_User_tidak_ditemukan
--- PASS: TestGetSummary_Fail_UserNotFound (0.00s)
    --- PASS: TestGetSummary_Fail_UserNotFound/Gagal:_User_tidak_ditemukan (0.00s)
=== RUN   TestGetSummary_Fail_CountPendingError
=== RUN   TestGetSummary_Fail_CountPendingError/Gagal:_Error_saat_hitung_tugas_pending
--- PASS: TestGetSummary_Fail_CountPendingError (0.00s)
    --- PASS: TestGetSummary_Fail_CountPendingError/Gagal:_Error_saat_hitung_tugas_pending (0.00s)
=== RUN   TestGetSummary_Fail_CountLaporanBulanError
=== RUN   TestGetSummary_Fail_CountLaporanBulanError/Gagal:_Error_saat_hitung_laporan_bulan_ini
--- PASS: TestGetSummary_Fail_CountLaporanBulanError (0.00s)
    --- PASS: TestGetSummary_Fail_CountLaporanBulanError/Gagal:_Error_saat_hitung_laporan_bulan_ini (0.00s)
=== RUN   TestGetSummary_Success_WithRiwayat
=== RUN   TestGetSummary_Success_WithRiwayat/Sukses:_Mengembalikan_riwayat_laporan_terbaru
--- PASS: TestGetSummary_Success_WithRiwayat (0.00s)
    --- PASS: TestGetSummary_Success_WithRiwayat/Sukses:_Mengembalikan_riwayat_laporan_terbaru (0.00s)
=== RUN   TestGetSummary_Success_ZeroValues
=== RUN   TestGetSummary_Success_ZeroValues/Sukses:_Semua_count_bernilai_0_(pegawai_baru)
--- PASS: TestGetSummary_Success_ZeroValues (0.00s)
    --- PASS: TestGetSummary_Success_ZeroValues/Sukses:_Semua_count_bernilai_0_(pegawai_baru) (0.00s)
=== RUN   TestGetMyNotifications_Success
=== RUN   TestGetMyNotifications_Success/Sukses:_Mengembalikan_list_notifikasi_milik_user
--- PASS: TestGetMyNotifications_Success (0.00s)
    --- PASS: TestGetMyNotifications_Success/Sukses:_Mengembalikan_list_notifikasi_milik_user (0.00s)
=== RUN   TestGetMyNotifications_Success_Empty
=== RUN   TestGetMyNotifications_Success_Empty/Sukses:_User_belum_punya_notifikasi_(empty_list)
--- PASS: TestGetMyNotifications_Success_Empty (0.00s)
    --- PASS: TestGetMyNotifications_Success_Empty/Sukses:_User_belum_punya_notifikasi_(empty_list) (0.00s)
=== RUN   TestGetMyNotifications_Fail_DBError
=== RUN   TestGetMyNotifications_Fail_DBError/Gagal:_Error_database_saat_query_notifikasi
--- PASS: TestGetMyNotifications_Fail_DBError (0.00s)
    --- PASS: TestGetMyNotifications_Fail_DBError/Gagal:_Error_database_saat_query_notifikasi (0.00s)
=== RUN   TestReadNotification_Success
=== RUN   TestReadNotification_Success/Sukses:_Menandai_notifikasi_sebagai_dibaca
--- PASS: TestReadNotification_Success (0.00s)
    --- PASS: TestReadNotification_Success/Sukses:_Menandai_notifikasi_sebagai_dibaca (0.00s)
=== RUN   TestReadNotification_Fail_NotFound
=== RUN   TestReadNotification_Fail_NotFound/Gagal:_Notifikasi_tidak_ditemukan_atau_bukan_milik_user
--- PASS: TestReadNotification_Fail_NotFound (0.00s)
    --- PASS: TestReadNotification_Fail_NotFound/Gagal:_Notifikasi_tidak_ditemukan_atau_bukan_milik_user (0.00s)
=== RUN   TestCreateReport_Success_DocumentMode
=== RUN   TestCreateReport_Success_DocumentMode/Sukses_membuat_laporan_mode_dokumen_(tanpa_lokasi,_tanpa_file)
--- PASS: TestCreateReport_Success_DocumentMode (0.00s)
    --- PASS: TestCreateReport_Success_DocumentMode/Sukses_membuat_laporan_mode_dokumen_(tanpa_lokasi,_tanpa_file) (0.00s)
=== RUN   TestCreateReport_Success_WithLocation
=== RUN   TestCreateReport_Success_WithLocation/Sukses_membuat_laporan_dengan_data_lokasi
--- PASS: TestCreateReport_Success_WithLocation (0.00s)
    --- PASS: TestCreateReport_Success_WithLocation/Sukses_membuat_laporan_dengan_data_lokasi (0.00s)
=== RUN   TestCreateReport_Fail_Holiday
=== RUN   TestCreateReport_Fail_Holiday/Gagal_membuat_laporan_pada_hari_libur
--- PASS: TestCreateReport_Fail_Holiday (0.00s)
    --- PASS: TestCreateReport_Fail_Holiday/Gagal_membuat_laporan_pada_hari_libur (0.00s)
=== RUN   TestCreateReport_Fail_MissingJudulForTambahan
=== RUN   TestCreateReport_Fail_MissingJudulForTambahan/Gagal_membuat_laporan_tambahan_tanpa_judul_kegiatan
--- PASS: TestCreateReport_Fail_MissingJudulForTambahan (0.00s)
    --- PASS: TestCreateReport_Fail_MissingJudulForTambahan/Gagal_membuat_laporan_tambahan_tanpa_judul_kegiatan (0.00s)
=== RUN   TestCreateReport_Fail_CheckHolidayError
=== RUN   TestCreateReport_Fail_CheckHolidayError/Gagal_ketika_pengecekan_hari_libur_error
--- PASS: TestCreateReport_Fail_CheckHolidayError (0.00s)
    --- PASS: TestCreateReport_Fail_CheckHolidayError/Gagal_ketika_pengecekan_hari_libur_error (0.00s)
=== RUN   TestEvaluateReport_Success_Lurah
=== RUN   TestEvaluateReport_Success_Lurah/Sukses:_Lurah_bebas_menyetujui_laporan_siapa_saja
    report_service_test.go:202: 
        	Error Trace:	C:/laragon/www/laporanharianapi/internal/service/report_service_test.go:202
        	Error:      	Received unexpected error:
        	            	role tidak dikenali
        	Test:       	TestEvaluateReport_Success_Lurah/Sukses:_Lurah_bebas_menyetujui_laporan_siapa_saja
    report_service_test.go:203: 
        	Error Trace:	C:/laragon/www/laporanharianapi/internal/service/report_service_test.go:203
        	Error:      	Not equal: 
        	            	expected: "Disetujui"
        	            	actual  : ""
        	            	
        	            	Diff:
        	            	--- Expected
        	            	+++ Actual
        	            	@@ -1 +1 @@
        	            	-Disetujui
        	            	+
        	Test:       	TestEvaluateReport_Success_Lurah/Sukses:_Lurah_bebas_menyetujui_laporan_siapa_saja
--- FAIL: TestEvaluateReport_Success_Lurah (0.00s)
    --- FAIL: TestEvaluateReport_Success_Lurah/Sukses:_Lurah_bebas_menyetujui_laporan_siapa_saja (0.00s)
panic: runtime error: invalid memory address or nil pointer dereference [recovered, repanicked]
[signal 0xc0000005 code=0x0 addr=0x0 pc=0x7ff6a32f2662]

goroutine 46 [running]:
testing.tRunner.func1.2({0x7ff6a33837a0, 0x7ff6a3653b10})
	C:/Program Files/Go/src/testing/testing.go:1872 +0x239
testing.tRunner.func1()
	C:/Program Files/Go/src/testing/testing.go:1875 +0x35b
panic({0x7ff6a33837a0?, 0x7ff6a3653b10?})
	C:/Program Files/Go/src/runtime/panic.go:783 +0x132
laporanharianapi/internal/service.TestEvaluateReport_Success_Lurah.func1(0xc000252380)
	C:/laragon/www/laporanharianapi/internal/service/report_service_test.go:204 +0x2e2
testing.tRunner(0xc000252380, 0x7ff6a33f6bf8)
	C:/Program Files/Go/src/testing/testing.go:1934 +0xc3
created by testing.(*T).Run in goroutine 45
	C:/Program Files/Go/src/testing/testing.go:1997 +0x44b
FAIL	laporanharianapi/internal/service	0.608s
FAIL
